
 RUN  v4.0.16 /home/deploy/projects/n2n-nexus

stdout | tests/search.test.ts > Search E2E (Real Processes)
Seeding web_app...

stderr | tests/search.test.ts > Search E2E (Real Processes)
ERROR: No task ID in seed response for web_app!

stdout | tests/search.test.ts > Search E2E (Real Processes)
Seed response for web_app: [Req:req-1768433769424] Tool Error: MCP error -32602: localPath does not exist: '[internal-path] Please provide a valid directory path.
Seeding api_srv...

stdout | tests/search.test.ts > Search E2E (Real Processes)
Seed response for api_srv: [Req:req-1768433769427] Tool Error: MCP error -32602: localPath does not exist: '[internal-path] Please provide a valid directory path.

stderr | tests/search.test.ts > Search E2E (Real Processes)
ERROR: No task ID in seed response for api_srv!

stderr | tests/search.test.ts > Search E2E (Real Processes) > should find backend project by keyword
Search failed!

 ❯ tests/search.test.ts (1 test | 1 failed) 319ms
     × should find backend project by keyword 5ms

⎯⎯⎯⎯⎯⎯⎯ Failed Tests 1 ⎯⎯⎯⎯⎯⎯⎯

 FAIL  tests/search.test.ts > Search E2E (Real Processes) > should find backend project by keyword
Error: ENOENT: no such file or directory, scandir '/home/deploy/projects/n2n-nexus/tests/tmp/e2e-search-storage'
 ❯ tests/search.test.ts:143:30
    141|         if (data.count === 0) {
    142|             console.error("Search failed!");
    143|             const files = fs.readdirSync(TEST_ROOT, { recursive: true …
       |                              ^
    144|             console.error("Files in TEST_ROOT:", files);
    145|             for (const f of files) {

⎯⎯⎯⎯⎯⎯⎯⎯⎯⎯⎯⎯⎯⎯⎯⎯⎯⎯⎯⎯⎯⎯⎯⎯[1/1]⎯


 Test Files  1 failed (1)
      Tests  1 failed (1)
   Start at  18:36:08
   Duration  453ms (transform 30ms, setup 0ms, import 39ms, tests 319ms, environment 0ms)

